......
----------------------------------------------------------------------
Ran 9 tests in 0.002s

OK
